[index-2.html]
[backblue.gif]
[fade.gif]
[index.html]
[active-static/lib/modernizr-old.js]
[static/global/js/require.js]
[ajax/libs/jquery/1.8/jquery.min.js]
[active-static/target/apps/bootstrap.js]
[recaptcha/api.js]
[.themea9a1.css]
[v3f9b7d8/static/projects/finch/css/sitebase.css]
[v3f9b7d8/active-static/target/internal/sitebuilder/view/view.app.js]
[fit/1920x1920/www.abbottsannnursery.co.uk/Ofsted.png]
[fit/1920x1920/www.abbottsannnursery.co.uk/URN.png]
[fit/1920x1920/www.abbottsannnursery.co.uk/Logo_small.jpg]
[approachtolearning.html]
[policies.html]
[staff.html]
[openinghours.html]
[news.html]
[contact.html]
[work-for-us.html]
[covid-19.html]
[fit/1920x1920/www.abbottsannnursery.co.uk/IMG_20210427_093051-1.jpg]
[fit/1920x1920/www.abbottsannnursery.co.uk/Stay home.jpg]
[fit/1920x1920/www.abbottsannnursery.co.uk/IMG_20210427_095659.jpg]
[fit/1920x1920/www.abbottsannnursery.co.uk/Join Us.png]
[width/205/crop/1,0,202x199/www.abbottsannnursery.co.uk/Children heading.png]
[Feb2021 Newsletter rev1 (1).pdf]
[width/47/crop/0,0,47x47/www.abbottsannnursery.co.uk/Ofsted_Good.png]
[width/328/crop/0,0,327x246/www.abbottsannnursery.co.uk/Hall Sept 2020-1.jpg]
[Settling in during Coronavirus Sept 2020.pdf]
[width/590/crop/0,0,590x417/www.abbottsannnursery.co.uk/Sept 21 places ad.png]
[width/71/crop/0,0,71x65/www.abbottsannnursery.co.uk/Website early years alliance.png]
[width/42/crop/0,0,42x42/www.abbottsannnursery.co.uk/Ofsted_Good.png]
[width/76/crop/0,0,76x14/www.abbottsannnursery.co.uk/easyfundraising-logo-1.png]
[width/56/crop/0,0,56x37/www.abbottsannnursery.co.uk/Find+us+on+netmums.png]
[width/46/crop/0,0,46x46/www.abbottsannnursery.co.uk/mumsnet-logo-square.png]
[active-static/target/stats/collector.js]
[index-2.html]
[beacon.min.js]
[static/projects/finch/themes/app_search_ie.png]
[.themea9a1.css]
[v3f9b7d8/static/projects/finch/images/frames/u_shadow.png]
[v3f9b7d8/static/projects/finch/images/frames/papershade.png]
[v3f9b7d8/static/projects/finch/images/frames/tape.png]
[v3f9b7d8/static/projects/finch/images/frames/album-noise.png]
[v3f9b7d8/static/projects/finch/images/frames/album-binder.png]
[v3f9b7d8/static/projects/finch/images/frames/thumbtack.png]
[v3f9b7d8/static/projects/finch/images/frames/photo-corners.png]
[v3f9b7d8/static/projects/finch/images/icon_sets/standard/alert.png]
[v3f9b7d8/static/projects/finch/images/icon_sets/standard/lock.png]
[v3f9b7d8/static/projects/finch/images/icon_sets/standard/speech.png]
[v3f9b7d8/static/projects/finch/images/icon_sets/standard/user.png]
[v3f9b7d8/static/projects/finch/images/icon_sets/standard/world.png]
[v3f9b7d8/static/projects/finch/images/icon_sets/silk/accept.png]
[v3f9b7d8/static/projects/finch/images/icon_sets/silk/add.png]
[v3f9b7d8/static/projects/finch/images/icon_sets/silk/anchor.png]
[v3f9b7d8/static/projects/finch/images/icon_sets/silk/attach.png]
[v3f9b7d8/static/projects/finch/images/icon_sets/silk/basket.png]
[v3f9b7d8/static/projects/finch/images/icon_sets/silk/bell.png]
[v3f9b7d8/static/projects/finch/images/icon_sets/silk/bin.png]
[v3f9b7d8/static/projects/finch/images/icon_sets/silk/bomb.png]
[v3f9b7d8/static/projects/finch/images/icon_sets/silk/book.png]
[v3f9b7d8/static/projects/finch/images/icon_sets/silk/box.png]
[v3f9b7d8/static/projects/finch/images/icon_sets/silk/brick.png]
[v3f9b7d8/static/projects/finch/images/icon_sets/silk/building.png]
[v3f9b7d8/static/projects/finch/images/icon_sets/silk/cake.png]
[v3f9b7d8/static/projects/finch/images/icon_sets/silk/calculator.png]
[v3f9b7d8/static/projects/finch/images/icon_sets/silk/calendar.png]
[v3f9b7d8/static/projects/finch/images/icon_sets/silk/camera.png]
[v3f9b7d8/static/projects/finch/images/icon_sets/silk/cancel.png]
[v3f9b7d8/static/projects/finch/images/icon_sets/silk/car.png]
[v3f9b7d8/static/projects/finch/images/icon_sets/silk/cart.png]
[v3f9b7d8/static/projects/finch/images/icon_sets/silk/cd.png]
[v3f9b7d8/static/projects/finch/images/icon_sets/silk/chart_bar.png]
[v3f9b7d8/static/projects/finch/images/icon_sets/silk/chart_curve.png]
[v3f9b7d8/static/projects/finch/images/icon_sets/silk/chart_line.png]
[v3f9b7d8/static/projects/finch/images/icon_sets/silk/chart_pie.png]
[v3f9b7d8/static/projects/finch/images/icon_sets/silk/clock.png]
[v3f9b7d8/static/projects/finch/images/icon_sets/silk/cog.png]
[v3f9b7d8/static/projects/finch/images/icon_sets/silk/coins.png]
[v3f9b7d8/static/projects/finch/images/icon_sets/silk/comments.png]
[v3f9b7d8/static/projects/finch/images/icon_sets/silk/computer.png]
[v3f9b7d8/static/projects/finch/images/icon_sets/silk/controller.png]
[v3f9b7d8/static/projects/finch/images/icon_sets/silk/creditcards.png]
[v3f9b7d8/static/projects/finch/images/icon_sets/silk/cross.png]
[v3f9b7d8/static/projects/finch/images/icon_sets/silk/cup.png]
[v3f9b7d8/static/projects/finch/images/icon_sets/silk/cut.png]
[v3f9b7d8/static/projects/finch/images/icon_sets/silk/pencil.png]
[v3f9b7d8/static/projects/finch/images/icon_sets/boolean/0.png]
[v3f9b7d8/static/projects/finch/images/icon_sets/boolean/Airmail.png]
[v3f9b7d8/static/projects/finch/images/icon_sets/boolean/Binocular.png]
[v3f9b7d8/static/projects/finch/images/icon_sets/boolean/Bookmark.png]
[v3f9b7d8/static/projects/finch/images/icon_sets/boolean/Calculator.png]
[v3f9b7d8/static/projects/finch/images/icon_sets/boolean/Calendar.png]
[v3f9b7d8/static/projects/finch/images/icon_sets/boolean/Clapperboard_Open.png]
[v3f9b7d8/static/projects/finch/images/icon_sets/boolean/Compact_Disc.png]
[v3f9b7d8/static/projects/finch/images/icon_sets/boolean/Computer_Keyboard.png]
[v3f9b7d8/static/projects/finch/images/icon_sets/boolean/Contacts_Alt.png]
[v3f9b7d8/static/projects/finch/images/icon_sets/boolean/Direction_Board.png]
[v3f9b7d8/static/projects/finch/images/icon_sets/boolean/Document.png]
[v3f9b7d8/static/projects/finch/images/icon_sets/boolean/Done_Square.png]
[v3f9b7d8/static/projects/finch/images/icon_sets/boolean/Door.png]
[v3f9b7d8/static/projects/finch/images/icon_sets/boolean/Envelope.png]
[v3f9b7d8/static/projects/finch/images/icon_sets/boolean/Folder.png]
[v3f9b7d8/static/projects/finch/images/icon_sets/boolean/Help_Circle.png]
[v3f9b7d8/static/projects/finch/images/icon_sets/boolean/Home.png]
[v3f9b7d8/static/projects/finch/images/icon_sets/boolean/Images_Night_Scene.png]
[v3f9b7d8/static/projects/finch/images/icon_sets/boolean/Images.png]
[v3f9b7d8/static/projects/finch/images/icon_sets/boolean/Mail.png]
[v3f9b7d8/static/projects/finch/images/icon_sets/boolean/Manual.png]
[v3f9b7d8/static/projects/finch/images/icon_sets/boolean/Monitor_Off.png]
[v3f9b7d8/static/projects/finch/images/icon_sets/boolean/Monitor.png]
[v3f9b7d8/static/projects/finch/images/icon_sets/boolean/Music.png]
[v3f9b7d8/static/projects/finch/images/icon_sets/boolean/Newspaper.png]
[v3f9b7d8/static/projects/finch/images/icon_sets/boolean/Note.png]
[v3f9b7d8/static/projects/finch/images/icon_sets/boolean/Notepad.png]
[v3f9b7d8/static/projects/finch/images/icon_sets/boolean/OK.png]
[v3f9b7d8/static/projects/finch/images/icon_sets/boolean/Soccer_Ball.png]
[v3f9b7d8/static/projects/finch/images/icon_sets/boolean/Speaker.png]
[v3f9b7d8/static/projects/finch/images/icon_sets/boolean/Tag.png]
[v3f9b7d8/static/projects/finch/images/icon_sets/boolean/Ticket_Golden.png]
[v3f9b7d8/static/projects/finch/images/icon_sets/boolean/Ticket_Red.png]
[v3f9b7d8/static/projects/finch/images/icon_sets/boolean/Tree.png]
[v3f9b7d8/static/projects/finch/images/icon_sets/boolean/Videos.png]
[v3f9b7d8/static/projects/finch/images/icon_sets/boolean/White_Lego.png]
[v3f9b7d8/static/projects/finch/images/icon_sets/classy/accept.png]
[v3f9b7d8/static/projects/finch/images/icon_sets/classy/business_user.png]
[v3f9b7d8/static/projects/finch/images/icon_sets/classy/calendar.png]
[v3f9b7d8/static/projects/finch/images/icon_sets/classy/cd.png]
[v3f9b7d8/static/projects/finch/images/icon_sets/classy/chart.png]
[v3f9b7d8/static/projects/finch/images/icon_sets/classy/comment.png]
[v3f9b7d8/static/projects/finch/images/icon_sets/classy/comments.png]
[v3f9b7d8/static/projects/finch/images/icon_sets/classy/computer.png]
[v3f9b7d8/static/projects/finch/images/icon_sets/classy/digital_camcorder.png]
[v3f9b7d8/static/projects/finch/images/icon_sets/classy/down.png]
[v3f9b7d8/static/projects/finch/images/icon_sets/classy/favorite.png]
[v3f9b7d8/static/projects/finch/images/icon_sets/classy/folder.png]
[v3f9b7d8/static/projects/finch/images/icon_sets/classy/folder_empty.png]
[v3f9b7d8/static/projects/finch/images/icon_sets/classy/globe.png]
[v3f9b7d8/static/projects/finch/images/icon_sets/classy/headphones.png]
[v3f9b7d8/static/projects/finch/images/icon_sets/classy/help.png]
[v3f9b7d8/static/projects/finch/images/icon_sets/classy/home.png]
[v3f9b7d8/static/projects/finch/images/icon_sets/classy/image.png]
[v3f9b7d8/static/projects/finch/images/icon_sets/classy/image_bmp.png]
[v3f9b7d8/static/projects/finch/images/icon_sets/classy/image_jpg.png]
[v3f9b7d8/static/projects/finch/images/icon_sets/classy/info.png]
[v3f9b7d8/static/projects/finch/images/icon_sets/classy/lock.png]
[v3f9b7d8/static/projects/finch/images/icon_sets/classy/mail.png]
[v3f9b7d8/static/projects/finch/images/icon_sets/classy/mobile_phone.png]
[v3f9b7d8/static/projects/finch/images/icon_sets/classy/new_mail.png]
[v3f9b7d8/static/projects/finch/images/icon_sets/classy/next.png]
[v3f9b7d8/static/projects/finch/images/icon_sets/classy/notebook.png]
[v3f9b7d8/static/projects/finch/images/icon_sets/classy/page.png]
[v3f9b7d8/static/projects/finch/images/icon_sets/classy/page_blank.png]
[v3f9b7d8/static/projects/finch/images/icon_sets/classy/previous.png]
[v3f9b7d8/static/projects/finch/images/icon_sets/classy/process.png]
[v3f9b7d8/static/projects/finch/images/icon_sets/classy/rss.png]
[v3f9b7d8/static/projects/finch/images/icon_sets/classy/search.png]
[v3f9b7d8/static/projects/finch/images/icon_sets/classy/shopping_cart.png]
[v3f9b7d8/static/projects/finch/images/icon_sets/classy/speaker.png]
[v3f9b7d8/static/projects/finch/images/icon_sets/classy/up.png]
[v3f9b7d8/static/projects/finch/images/icon_sets/classy/user.png]
[v3f9b7d8/static/projects/finch/images/icon_sets/classy/users.png]
[v3f9b7d8/static/projects/finch/images/icon_sets/fatcow/accept.png]
[v3f9b7d8/static/projects/finch/images/icon_sets/fatcow/apple.png]
[v3f9b7d8/static/projects/finch/images/icon_sets/fatcow/arrow_down.png]
[v3f9b7d8/static/projects/finch/images/icon_sets/fatcow/arrow_left.png]
[v3f9b7d8/static/projects/finch/images/icon_sets/fatcow/arrow_right.png]
[v3f9b7d8/static/projects/finch/images/icon_sets/fatcow/arrow_up.png]
[v3f9b7d8/static/projects/finch/images/icon_sets/fatcow/asterisk_yellow.png]
[v3f9b7d8/static/projects/finch/images/icon_sets/fatcow/attach.png]
[v3f9b7d8/static/projects/finch/images/icon_sets/fatcow/attribution.png]
[v3f9b7d8/static/projects/finch/images/icon_sets/fatcow/award_star_bronze_3.png]
[v3f9b7d8/static/projects/finch/images/icon_sets/fatcow/baloon.png]
[v3f9b7d8/static/projects/finch/images/icon_sets/fatcow/barchart.png]
[v3f9b7d8/static/projects/finch/images/icon_sets/fatcow/basket.png]
[v3f9b7d8/static/projects/finch/images/icon_sets/fatcow/beer.png]
[v3f9b7d8/static/projects/finch/images/icon_sets/fatcow/book_addresses.png]
[v3f9b7d8/static/projects/finch/images/icon_sets/fatcow/bookmark.png]
[v3f9b7d8/static/projects/finch/images/icon_sets/fatcow/bullet_star.png]
[v3f9b7d8/static/projects/finch/images/icon_sets/fatcow/butterfly.png]
[v3f9b7d8/static/projects/finch/images/icon_sets/fatcow/cake.png]
[v3f9b7d8/static/projects/finch/images/icon_sets/fatcow/calendar.png]
[v3f9b7d8/static/projects/finch/images/icon_sets/fatcow/camera.png]
[v3f9b7d8/static/projects/finch/images/icon_sets/fatcow/card_credit.png]
[v3f9b7d8/static/projects/finch/images/icon_sets/fatcow/card_debit.png]
[v3f9b7d8/static/projects/finch/images/icon_sets/fatcow/cart.png]
[v3f9b7d8/static/projects/finch/images/icon_sets/fatcow/cd.png]
[v3f9b7d8/static/projects/finch/images/icon_sets/fatcow/chart_bar.png]
[v3f9b7d8/static/projects/finch/images/icon_sets/fatcow/chart_curve.png]
[v3f9b7d8/static/projects/finch/images/icon_sets/fatcow/chart_pie.png]
[v3f9b7d8/static/projects/finch/images/icon_sets/fatcow/chart_up_color.png]
[v3f9b7d8/static/projects/finch/images/icon_sets/fatcow/coins.png]
[v3f9b7d8/static/projects/finch/images/icon_sets/fatcow/comment.png]
[v3f9b7d8/static/projects/finch/images/icon_sets/fatcow/cup.png]
[v3f9b7d8/static/projects/finch/images/icon_sets/fatcow/date.png]
[v3f9b7d8/static/projects/finch/images/icon_sets/fatcow/document_empty.png]
[v3f9b7d8/static/projects/finch/images/icon_sets/fatcow/drink.png]
[v3f9b7d8/static/projects/finch/images/icon_sets/fatcow/email.png]
[v3f9b7d8/static/projects/finch/images/icon_sets/fatcow/emotion_smile.png]
[v3f9b7d8/static/projects/finch/images/icon_sets/fatcow/fatcow.png]
[v3f9b7d8/static/projects/finch/images/icon_sets/fatcow/feed.png]
[v3f9b7d8/static/projects/finch/images/icon_sets/fatcow/film.png]
[v3f9b7d8/static/projects/finch/images/icon_sets/fatcow/fire.png]
[v3f9b7d8/static/projects/finch/images/icon_sets/fatcow/flag_2.png]
[v3f9b7d8/static/projects/finch/images/icon_sets/fatcow/folder.png]
[v3f9b7d8/static/projects/finch/images/icon_sets/fatcow/green.png]
[v3f9b7d8/static/projects/finch/images/icon_sets/fatcow/heart.png]
[v3f9b7d8/static/projects/finch/images/icon_sets/fatcow/information.png]
[v3f9b7d8/static/projects/finch/images/icon_sets/fatcow/lightning.png]
[v3f9b7d8/static/projects/finch/images/icon_sets/fatcow/medal_gold_3.png]
[v3f9b7d8/static/projects/finch/images/icon_sets/fatcow/microphone.png]
[v3f9b7d8/static/projects/finch/images/icon_sets/fatcow/money.png]
[v3f9b7d8/static/projects/finch/images/icon_sets/fatcow/money_dollar.png]
[v3f9b7d8/static/projects/finch/images/icon_sets/fatcow/page_white.png]
[v3f9b7d8/static/projects/finch/images/icon_sets/fatcow/paypal-2.png]
[v3f9b7d8/static/projects/finch/images/icon_sets/fatcow/picture.png]
[v3f9b7d8/static/projects/finch/images/icon_sets/fatcow/popcorn.png]
[v3f9b7d8/static/projects/finch/images/icon_sets/fatcow/rainbow.png]
[v3f9b7d8/static/projects/finch/images/icon_sets/fatcow/recycle.png]
[v3f9b7d8/static/projects/finch/images/icon_sets/fatcow/report.png]
[v3f9b7d8/static/projects/finch/images/icon_sets/fatcow/ribbon.png]
[v3f9b7d8/static/projects/finch/images/icon_sets/fatcow/ruby.png]
[v3f9b7d8/static/projects/finch/images/icon_sets/fatcow/scull.png]
[v3f9b7d8/static/projects/finch/images/icon_sets/fatcow/shield.png]
[v3f9b7d8/static/projects/finch/images/icon_sets/fatcow/small_business.png]
[v3f9b7d8/static/projects/finch/images/icon_sets/fatcow/sport_8ball.png]
[v3f9b7d8/static/projects/finch/images/icon_sets/fatcow/sport_basketball.png]
[v3f9b7d8/static/projects/finch/images/icon_sets/fatcow/sport_football.png]
[v3f9b7d8/static/projects/finch/images/icon_sets/fatcow/sport_golf.png]
[v3f9b7d8/static/projects/finch/images/icon_sets/fatcow/sport_raquet.png]
[v3f9b7d8/static/projects/finch/images/icon_sets/fatcow/sport_soccer.png]
[v3f9b7d8/static/projects/finch/images/icon_sets/fatcow/sport_tennis.png]
[v3f9b7d8/static/projects/finch/images/icon_sets/fatcow/star.png]
[v3f9b7d8/static/projects/finch/images/icon_sets/fatcow/terminal.png]
[v3f9b7d8/static/projects/finch/images/icon_sets/fatcow/tick.png]
[v3f9b7d8/static/projects/finch/images/icon_sets/fatcow/user.png]
[v3f9b7d8/static/projects/finch/images/icon_sets/fatcow/user_female.png]
[v3f9b7d8/static/projects/finch/images/icon_sets/fatcow/user_gray.png]
[v3f9b7d8/static/projects/finch/images/icon_sets/fatcow/user_green.png]
[v3f9b7d8/static/projects/finch/images/icon_sets/fatcow/user_red.png]
[v3f9b7d8/static/projects/finch/images/icon_sets/fatcow/user_silhouette.png]
[v3f9b7d8/static/projects/finch/images/icon_sets/fatcow/user_suit.png]
[v3f9b7d8/static/projects/finch/images/icon_sets/fugue/address-book-open.png]
[v3f9b7d8/static/projects/finch/images/icon_sets/fugue/address-book.png]
[v3f9b7d8/static/projects/finch/images/icon_sets/fugue/alarm-clock-blue.png]
[v3f9b7d8/static/projects/finch/images/icon_sets/fugue/arrow-000-medium.png]
[v3f9b7d8/static/projects/finch/images/icon_sets/fugue/arrow-090-medium.png]
[v3f9b7d8/static/projects/finch/images/icon_sets/fugue/arrow-180-medium.png]
[v3f9b7d8/static/projects/finch/images/icon_sets/fugue/arrow-270-medium.png]
[v3f9b7d8/static/projects/finch/images/icon_sets/fugue/asterisk.png]
[v3f9b7d8/static/projects/finch/images/icon_sets/fugue/auction-hammer.png]
[v3f9b7d8/static/projects/finch/images/icon_sets/fugue/balloon.png]
[v3f9b7d8/static/projects/finch/images/icon_sets/fugue/bandaid.png]
[v3f9b7d8/static/projects/finch/images/icon_sets/fugue/bell.png]
[v3f9b7d8/static/projects/finch/images/icon_sets/fugue/book-bookmark.png]
[v3f9b7d8/static/projects/finch/images/icon_sets/fugue/book-brown.png]
[v3f9b7d8/static/projects/finch/images/icon_sets/fugue/briefcase.png]
[v3f9b7d8/static/projects/finch/images/icon_sets/fugue/brightness.png]
[v3f9b7d8/static/projects/finch/images/icon_sets/fugue/broom.png]
[v3f9b7d8/static/projects/finch/images/icon_sets/fugue/building.png]
[v3f9b7d8/static/projects/finch/images/icon_sets/fugue/burn.png]
[v3f9b7d8/static/projects/finch/images/icon_sets/fugue/cake-plain.png]
[v3f9b7d8/static/projects/finch/images/icon_sets/fugue/calendar.png]
[v3f9b7d8/static/projects/finch/images/icon_sets/fugue/camera.png]
[v3f9b7d8/static/projects/finch/images/icon_sets/fugue/car.png]
[v3f9b7d8/static/projects/finch/images/icon_sets/fugue/card.png]
[v3f9b7d8/static/projects/finch/images/icon_sets/fugue/chart-up.png]
[v3f9b7d8/static/projects/finch/images/icon_sets/fugue/chart.png]
[v3f9b7d8/static/projects/finch/images/icon_sets/fugue/chevron-expand.png]
[v3f9b7d8/static/projects/finch/images/icon_sets/fugue/clipboard-text.png]
[v3f9b7d8/static/projects/finch/images/icon_sets/fugue/clock.png]
[v3f9b7d8/static/projects/finch/images/icon_sets/fugue/cookie.png]
[v3f9b7d8/static/projects/finch/images/icon_sets/fugue/cutlery.png]
[v3f9b7d8/static/projects/finch/images/icon_sets/fugue/disc.png]
[v3f9b7d8/static/projects/finch/images/icon_sets/fugue/document--arrow.png]
[v3f9b7d8/static/projects/finch/images/icon_sets/fugue/document-music.png]
[v3f9b7d8/static/projects/finch/images/icon_sets/fugue/document-text.png]
[v3f9b7d8/static/projects/finch/images/icon_sets/fugue/film.png]
[v3f9b7d8/static/projects/finch/images/icon_sets/fugue/fire.png]
[v3f9b7d8/static/projects/finch/images/icon_sets/fugue/folder-horizontal.png]
[v3f9b7d8/static/projects/finch/images/icon_sets/fugue/fruit.png]
[v3f9b7d8/static/projects/finch/images/icon_sets/fugue/globe-green.png]
[v3f9b7d8/static/projects/finch/images/icon_sets/fugue/guitar.png]
[v3f9b7d8/static/projects/finch/images/icon_sets/fugue/hammer.png]
[v3f9b7d8/static/projects/finch/images/icon_sets/fugue/heart.png]
[v3f9b7d8/static/projects/finch/images/icon_sets/fugue/home.png]
[v3f9b7d8/static/projects/finch/images/icon_sets/fugue/image.png]
[v3f9b7d8/static/projects/finch/images/icon_sets/fugue/information.png]
[v3f9b7d8/static/projects/finch/images/icon_sets/fugue/key.png]
[v3f9b7d8/static/projects/finch/images/icon_sets/fugue/leaf.png]
[v3f9b7d8/static/projects/finch/images/icon_sets/fugue/lifebuoy.png]
[v3f9b7d8/static/projects/finch/images/icon_sets/fugue/lightning.png]
[v3f9b7d8/static/projects/finch/images/icon_sets/fugue/luggage.png]
[v3f9b7d8/static/projects/finch/images/icon_sets/fugue/magnifier.png]
[v3f9b7d8/static/projects/finch/images/icon_sets/fugue/mail.png]
[v3f9b7d8/static/projects/finch/images/icon_sets/fugue/marker.png]
[v3f9b7d8/static/projects/finch/images/icon_sets/fugue/medal.png]
[v3f9b7d8/static/projects/finch/images/icon_sets/fugue/money-coin.png]
[v3f9b7d8/static/projects/finch/images/icon_sets/fugue/paper-clip.png]
[v3f9b7d8/static/projects/finch/images/icon_sets/fugue/plus-white.png]
[v3f9b7d8/static/projects/finch/images/icon_sets/fugue/price-tag.png]
[v3f9b7d8/static/projects/finch/images/icon_sets/fugue/question-white.png]
[v3f9b7d8/static/projects/finch/images/icon_sets/fugue/report-paper.png]
[v3f9b7d8/static/projects/finch/images/icon_sets/fugue/smiley.png]
[v3f9b7d8/static/projects/finch/images/icon_sets/fugue/star.png]
[v3f9b7d8/static/projects/finch/images/icon_sets/fugue/sticky-note.png]
[v3f9b7d8/static/projects/finch/images/icon_sets/fugue/t-shirt.png]
[v3f9b7d8/static/projects/finch/images/icon_sets/fugue/tag.png]
[v3f9b7d8/static/projects/finch/images/icon_sets/fugue/tick-white.png]
[v3f9b7d8/static/projects/finch/images/icon_sets/fugue/user-black.png]
[v3f9b7d8/static/projects/finch/images/icon_sets/fugue/user-silhouette.png]
[v3f9b7d8/static/projects/finch/images/icon_sets/fugue/wrench.png]
[v3f9b7d8/static/projects/finch/images/icon_sets/rocky/accessibility.png]
[v3f9b7d8/static/projects/finch/images/icon_sets/rocky/add.png]
[v3f9b7d8/static/projects/finch/images/icon_sets/rocky/agenda.png]
[v3f9b7d8/static/projects/finch/images/icon_sets/rocky/airplane.png]
[v3f9b7d8/static/projects/finch/images/icon_sets/rocky/alarm.png]
[v3f9b7d8/static/projects/finch/images/icon_sets/rocky/album.png]
[v3f9b7d8/static/projects/finch/images/icon_sets/rocky/alert.png]
[v3f9b7d8/static/projects/finch/images/icon_sets/rocky/annoucement.png]
[v3f9b7d8/static/projects/finch/images/icon_sets/rocky/arrow-down.png]
[v3f9b7d8/static/projects/finch/images/icon_sets/rocky/arrow-left.png]
[v3f9b7d8/static/projects/finch/images/icon_sets/rocky/arrow-right.png]
[v3f9b7d8/static/projects/finch/images/icon_sets/rocky/arrow-up.png]
[v3f9b7d8/static/projects/finch/images/icon_sets/rocky/art-brush.png]
[v3f9b7d8/static/projects/finch/images/icon_sets/rocky/auction.png]
[v3f9b7d8/static/projects/finch/images/icon_sets/rocky/award.png]
[v3f9b7d8/static/projects/finch/images/icon_sets/rocky/bell.png]
[v3f9b7d8/static/projects/finch/images/icon_sets/rocky/bicycle.png]
[v3f9b7d8/static/projects/finch/images/icon_sets/rocky/bluetooth.png]
[v3f9b7d8/static/projects/finch/images/icon_sets/rocky/boat.png]
[v3f9b7d8/static/projects/finch/images/icon_sets/rocky/bookmark.png]
[v3f9b7d8/static/projects/finch/images/icon_sets/rocky/briefcase.png]
[v3f9b7d8/static/projects/finch/images/icon_sets/rocky/brightness.png]
[v3f9b7d8/static/projects/finch/images/icon_sets/rocky/bug.png]
[v3f9b7d8/static/projects/finch/images/icon_sets/rocky/bus.png]
[v3f9b7d8/static/projects/finch/images/icon_sets/rocky/calculator.png]
[v3f9b7d8/static/projects/finch/images/icon_sets/rocky/calendar.png]
[v3f9b7d8/static/projects/finch/images/icon_sets/rocky/camera.png]
[v3f9b7d8/static/projects/finch/images/icon_sets/rocky/car.png]
[v3f9b7d8/static/projects/finch/images/icon_sets/rocky/cd.png]
[v3f9b7d8/static/projects/finch/images/icon_sets/rocky/chart.png]
[v3f9b7d8/static/projects/finch/images/icon_sets/rocky/check-box.png]
[v3f9b7d8/static/projects/finch/images/icon_sets/rocky/check.png]
[v3f9b7d8/static/projects/finch/images/icon_sets/rocky/clipboard.png]
[v3f9b7d8/static/projects/finch/images/icon_sets/rocky/clock.png]
[v3f9b7d8/static/projects/finch/images/icon_sets/rocky/coffee-mug.png]
[v3f9b7d8/static/projects/finch/images/icon_sets/rocky/comment.png]
[v3f9b7d8/static/projects/finch/images/icon_sets/rocky/compass.png]
[v3f9b7d8/static/projects/finch/images/icon_sets/rocky/connection-signal.png]
[v3f9b7d8/static/projects/finch/images/icon_sets/rocky/construction-hat.png]
[v3f9b7d8/static/projects/finch/images/icon_sets/rocky/construction.png]
[v3f9b7d8/static/projects/finch/images/icon_sets/rocky/contact-book.png]
[v3f9b7d8/static/projects/finch/images/icon_sets/rocky/controller-play.png]
[v3f9b7d8/static/projects/finch/images/icon_sets/rocky/cool.png]
[v3f9b7d8/static/projects/finch/images/icon_sets/rocky/cursor.png]
[v3f9b7d8/static/projects/finch/images/icon_sets/rocky/cut.png]
[v3f9b7d8/static/projects/finch/images/icon_sets/rocky/dashboard.png]
[v3f9b7d8/static/projects/finch/images/icon_sets/rocky/delete.png]
[v3f9b7d8/static/projects/finch/images/icon_sets/rocky/delivery-truck.png]
[v3f9b7d8/static/projects/finch/images/icon_sets/rocky/discussion.png]
[v3f9b7d8/static/projects/finch/images/icon_sets/rocky/download.png]
[v3f9b7d8/static/projects/finch/images/icon_sets/rocky/earth.png]
[v3f9b7d8/static/projects/finch/images/icon_sets/rocky/email.png]
[v3f9b7d8/static/projects/finch/images/icon_sets/rocky/eye.png]
[v3f9b7d8/static/projects/finch/images/icon_sets/rocky/fan.png]
[v3f9b7d8/static/projects/finch/images/icon_sets/rocky/favorite.png]
[v3f9b7d8/static/projects/finch/images/icon_sets/rocky/fever-chart.png]
[v3f9b7d8/static/projects/finch/images/icon_sets/rocky/financial.png]
[v3f9b7d8/static/projects/finch/images/icon_sets/rocky/first-aid-box.png]
[v3f9b7d8/static/projects/finch/images/icon_sets/rocky/flag.png]
[v3f9b7d8/static/projects/finch/images/icon_sets/rocky/flash.png]
[v3f9b7d8/static/projects/finch/images/icon_sets/rocky/folder.png]
[v3f9b7d8/static/projects/finch/images/icon_sets/rocky/game-controller.png]
[v3f9b7d8/static/projects/finch/images/icon_sets/rocky/gift.png]
[v3f9b7d8/static/projects/finch/images/icon_sets/rocky/go-to-bottom.png]
[v3f9b7d8/static/projects/finch/images/icon_sets/rocky/go-to-top.png]
[v3f9b7d8/static/projects/finch/images/icon_sets/rocky/gym.png]
[v3f9b7d8/static/projects/finch/images/icon_sets/rocky/hammer.png]
[v3f9b7d8/static/projects/finch/images/icon_sets/rocky/hand-pointer.png]
[v3f9b7d8/static/projects/finch/images/icon_sets/rocky/hand.png]
[v3f9b7d8/static/projects/finch/images/icon_sets/rocky/headphone.png]
[v3f9b7d8/static/projects/finch/images/icon_sets/rocky/help.png]
[v3f9b7d8/static/projects/finch/images/icon_sets/rocky/highlighter.png]
[v3f9b7d8/static/projects/finch/images/icon_sets/rocky/home.png]
[v3f9b7d8/static/projects/finch/images/icon_sets/rocky/hot.png]
[v3f9b7d8/static/projects/finch/images/icon_sets/rocky/hourglass.png]
[v3f9b7d8/static/projects/finch/images/icon_sets/rocky/infinite.png]
[v3f9b7d8/static/projects/finch/images/icon_sets/rocky/info.png]
[v3f9b7d8/static/projects/finch/images/icon_sets/rocky/iphone.png]
[v3f9b7d8/static/projects/finch/images/icon_sets/rocky/ipod.png]
[v3f9b7d8/static/projects/finch/images/icon_sets/rocky/key.png]
[v3f9b7d8/static/projects/finch/images/icon_sets/rocky/lab.png]
[v3f9b7d8/static/projects/finch/images/icon_sets/rocky/laptop.png]
[v3f9b7d8/static/projects/finch/images/icon_sets/rocky/light-bulb.png]
[v3f9b7d8/static/projects/finch/images/icon_sets/rocky/link.png]
[v3f9b7d8/static/projects/finch/images/icon_sets/rocky/location.png]
[v3f9b7d8/static/projects/finch/images/icon_sets/rocky/lock.png]
[v3f9b7d8/static/projects/finch/images/icon_sets/rocky/login.png]
[v3f9b7d8/static/projects/finch/images/icon_sets/rocky/logout.png]
[v3f9b7d8/static/projects/finch/images/icon_sets/rocky/magic-wand.png]
[v3f9b7d8/static/projects/finch/images/icon_sets/rocky/martini-glass.png]
[v3f9b7d8/static/projects/finch/images/icon_sets/rocky/microphone.png]
[v3f9b7d8/static/projects/finch/images/icon_sets/rocky/museum.png]
[v3f9b7d8/static/projects/finch/images/icon_sets/rocky/music.png]
[v3f9b7d8/static/projects/finch/images/icon_sets/rocky/orbit.png]
[v3f9b7d8/static/projects/finch/images/icon_sets/rocky/paint-brush.png]
[v3f9b7d8/static/projects/finch/images/icon_sets/rocky/paper-clip.png]
[v3f9b7d8/static/projects/finch/images/icon_sets/rocky/pencil.png]
[v3f9b7d8/static/projects/finch/images/icon_sets/rocky/phone-classic.png]
[v3f9b7d8/static/projects/finch/images/icon_sets/rocky/phone.png]
[v3f9b7d8/static/projects/finch/images/icon_sets/rocky/picture.png]
[v3f9b7d8/static/projects/finch/images/icon_sets/rocky/pin.png]
[v3f9b7d8/static/projects/finch/images/icon_sets/rocky/power.png]
[v3f9b7d8/static/projects/finch/images/icon_sets/rocky/print.png]
[v3f9b7d8/static/projects/finch/images/icon_sets/rocky/recycle.png]
[v3f9b7d8/static/projects/finch/images/icon_sets/rocky/restrict.png]
[v3f9b7d8/static/projects/finch/images/icon_sets/rocky/rocket.png]
[v3f9b7d8/static/projects/finch/images/icon_sets/rocky/rss.png]
[v3f9b7d8/static/projects/finch/images/icon_sets/rocky/satellite.png]
[v3f9b7d8/static/projects/finch/images/icon_sets/rocky/save.png]
[v3f9b7d8/static/projects/finch/images/icon_sets/rocky/setting.png]
[v3f9b7d8/static/projects/finch/images/icon_sets/rocky/share.png]
[v3f9b7d8/static/projects/finch/images/icon_sets/rocky/shopping-bag.png]
[v3f9b7d8/static/projects/finch/images/icon_sets/rocky/shopping-basket.png]
[v3f9b7d8/static/projects/finch/images/icon_sets/rocky/shopping-cart.png]
[v3f9b7d8/static/projects/finch/images/icon_sets/rocky/shovel.png]
[v3f9b7d8/static/projects/finch/images/icon_sets/rocky/star.png]
[v3f9b7d8/static/projects/finch/images/icon_sets/rocky/stock-chart.png]
[v3f9b7d8/static/projects/finch/images/icon_sets/rocky/stop.png]
[v3f9b7d8/static/projects/finch/images/icon_sets/rocky/tag-cloud.png]
[v3f9b7d8/static/projects/finch/images/icon_sets/rocky/tag.png]
[v3f9b7d8/static/projects/finch/images/icon_sets/rocky/thumb-down.png]
[v3f9b7d8/static/projects/finch/images/icon_sets/rocky/thumb-up.png]
[v3f9b7d8/static/projects/finch/images/icon_sets/rocky/tool.png]
[v3f9b7d8/static/projects/finch/images/icon_sets/rocky/trophy.png]
[v3f9b7d8/static/projects/finch/images/icon_sets/rocky/tv.png]
[v3f9b7d8/static/projects/finch/images/icon_sets/rocky/umbella.png]
[v3f9b7d8/static/projects/finch/images/icon_sets/rocky/undo.png]
[v3f9b7d8/static/projects/finch/images/icon_sets/rocky/unlock.png]
[v3f9b7d8/static/projects/finch/images/icon_sets/rocky/upload.png]
[v3f9b7d8/static/projects/finch/images/icon_sets/rocky/usb.png]
[v3f9b7d8/static/projects/finch/images/icon_sets/rocky/user-group.png]
[v3f9b7d8/static/projects/finch/images/icon_sets/rocky/user.png]
[v3f9b7d8/static/projects/finch/images/icon_sets/rocky/video-camera.png]
[v3f9b7d8/static/projects/finch/images/icon_sets/rocky/video-clapper.png]
[v3f9b7d8/static/projects/finch/images/icon_sets/rocky/video-reel.png]
[v3f9b7d8/static/projects/finch/images/icon_sets/rocky/walk.png]
[v3f9b7d8/static/projects/finch/images/icon_sets/rocky/weather.png]
[v3f9b7d8/static/projects/finch/images/icon_sets/rocky/web.png]
[v3f9b7d8/static/projects/finch/images/icon_sets/rocky/webcam.png]
[v3f9b7d8/static/projects/finch/images/icon_sets/rocky/wine-glass.png]
[v3f9b7d8/static/projects/finch/images/icon_sets/rocky/wireless.png]
[v3f9b7d8/static/projects/finch/images/icon_sets/rocky/zoom-in.png]
[static/projects/finch/images/placeholder-bg.png]
[v3f9b7d8/static/projects/finch/css/sitebase.css]
[width/94/crop/0,7,92x92/www.abbottsannnursery.co.uk/_DSC3965.jpg]
[width/172/crop/39,0,92x92/www.abbottsannnursery.co.uk/_DSC4125.jpg]
[width/172/crop/39,0,92x92/www.abbottsannnursery.co.uk/_DSC4149.jpg]
[width/172/crop/39,0,92x92/www.abbottsannnursery.co.uk/_DSC4150.jpg]
[width/172/crop/39,0,92x92/www.abbottsannnursery.co.uk/_DSC4162.jpg]
[width/94/crop/0,7,92x92/www.abbottsannnursery.co.uk/_DSC4131.jpg]
[width/172/crop/39,0,92x92/www.abbottsannnursery.co.uk/_DSC4166.jpg]
[width/172/crop/39,0,92x92/www.abbottsannnursery.co.uk/_DSC4168.jpg]
[width/172/crop/39,0,92x92/www.abbottsannnursery.co.uk/_DSC4143.jpg]
[width/94/crop/0,7,92x92/www.abbottsannnursery.co.uk/_DSC4171.jpg]
[width/172/crop/39,0,92x92/www.abbottsannnursery.co.uk/_DSC4189.jpg]
[width/172/crop/39,0,92x92/www.abbottsannnursery.co.uk/_DSC4184.jpg]
[width/287/crop/0,0,286x206/www.abbottsannnursery.co.uk/Hall Sept 2020-1.jpg]
[width/286/crop/0,0,286x206/www.abbottsannnursery.co.uk/Hall 3 Sept 2020.jpg]
[approachtolearning.html]
[policies.html]
[width/278/crop/0,0,278x371/www.abbottsannnursery.co.uk/IMG_20210312_091030.jpg]
[AANS_volunteering_as_a_charity_trustee_2017.pdf]
[volunteering_as_a_charity_trustee_2017.1d5.delayed]
[staff.html]
[width/216/crop/0,0,216x162/www.abbottsannnursery.co.uk/IMG_20210504_093254-1.jpg]
[openinghours.html]
[May2021bulletin-ParentsPage.pdf]
[width/133/crop/0,0,133x122/www.abbottsannnursery.co.uk/Website early years alliance.png]
[news.html]
[width/316/crop/0,0,316x237/www.abbottsannnursery.co.uk/Hall Photo.jpg]
[contact.html]
[AANS Manager Job Description 2021 (4).pdf]
[Advert_Manager_June_2021 [Rev2] (1).pdf]
[AANS_Application_Form.docxv1 (2).docx]
[work-for-us.html]
[width/209/crop/0,0,209x157/www.abbottsannnursery.co.uk/Hall Sept 2020-1.jpg]
[width/209/crop/0,0,209x157/www.abbottsannnursery.co.uk/Hall 3 Sept 2020.jpg]
[Covid-19 Policy and Procedures Sept 2020 rev 4.pdf]
[Parent prospectus with CV19 updates rev 3.pdf]
[AANS Coronavirus Flow Chart-2.pptx]
[Covid-19 User agreement Sept 2020 pdf.pdf]
[covid-19.html]
[volunteering_as_a_charity_trustee_2017.html]
